<?xml version="1.0" encoding="UTF-8"?>
               <preferences version="10.0">
               
  <category name="Attribute Sharing">
    <category_description>No description available for this category.</category_description>
    
               <preference name="ATTRSHARING_max_rows_expected" type="Integer" array="false" disabled="false" protectionScope="Site" envEnabled="false">
      <preference_description>Defines the maximum number of rows that can be returned from a result set. If the return exceeds the number of rows defined by this preference, an error message appears.
Valid values are
Accepts a single string as a value. Must be a positive integer.</preference_description>
      <context name="Teamcenter">
        <value>100</value>
      </context>
    </preference>
  
               </category>
               </preferences>
               